// Jest Snapshot v1, https://goo.gl/fbAQLP

exports[`matches snapshot 1`] = `
<Fragment>
  <GlobalStyleComponent
    data-test="AppComponent"
  />
  <BrowserRouter>
    <styled.div>
      <Connect(NavbarContainer) />
      <Routes />
      <Footer />
    </styled.div>
  </BrowserRouter>
</Fragment>
`;
