// Jest Snapshot v1, https://goo.gl/fbAQLP

exports[`matches snapshot 1`] = `
<styled.div
  data-test="DesktopNavComponent"
  sticky={false}
>
  <styled.div
    sticky={false}
  >
    <NavLink
      exact={true}
      to="/"
    >
      Home
    </NavLink>
  </styled.div>
  <styled.div
    sticky={false}
  >
    <NavLink
      to="/skills"
    >
      Skills
    </NavLink>
  </styled.div>
  <styled.div
    sticky={false}
  >
    <NavLink
      to="/portfolio"
    >
      Portfolio
    </NavLink>
  </styled.div>
  <styled.div
    sticky={false}
  >
    <NavLink
      to="/about"
    >
      About
    </NavLink>
  </styled.div>
  <styled.div
    sticky={false}
  >
    <NavLink
      to="/contact"
    >
      Contact
    </NavLink>
  </styled.div>
</styled.div>
`;
