// Jest Snapshot v1, https://goo.gl/fbAQLP

exports[`matches snapshot 1`] = `
<styled.div
  data-test="DesktopNavComponent"
>
  <styled.div>
    <NavHashLink
      exact={true}
      smooth={true}
      to="/#home"
    >
      Home
    </NavHashLink>
  </styled.div>
  <styled.div>
    <NavHashLink
      smooth={true}
      to="/#skills"
    >
      Skills
    </NavHashLink>
  </styled.div>
  <styled.div>
    <NavHashLink
      smooth={true}
      to="/#portfolio"
    >
      Portfolio
    </NavHashLink>
  </styled.div>
  <styled.div>
    <NavHashLink
      smooth={true}
      to="/#about"
    >
      About
    </NavHashLink>
  </styled.div>
  <styled.div>
    <NavHashLink
      smooth={true}
      to="/#contact"
    >
      Contact
    </NavHashLink>
  </styled.div>
</styled.div>
`;
