// Jest Snapshot v1, https://goo.gl/fbAQLP

exports[`matches snapshot 1`] = `
<ContextProvider
  data-test="AppComponent"
  value={
    Object {
      "isDesktop": true,
    }
  }
>
  <BrowserRouter>
    <styled.div>
      <Navbar />
      <Routes />
    </styled.div>
  </BrowserRouter>
</ContextProvider>
`;
